// Jest Snapshot v1, https://goo.gl/fbAQLP

exports[`attachList Hoc should return component 1`] = `null`;
