// Jest Snapshot v1, https://goo.gl/fbAQLP

exports[`Button component renders correctly when isLoading is true 1`] = `
<Geolocated(CurrentLocationBtn)
  fetchData={[Function]}
  isFetching={false}
/>
`;
